<!DOCTYPE html>
<html>
	<head>
		<meta charset='utf-8'/>
		<style>
		</style>
	</head>
	<body>
		<script
			src="http://code.jquery.com/jquery-3.5.1.min.js"
			integrity="sha256-9/aliU8dGd2tb6OSsuzixeV4y/faTqgFtohetphbbj0="
			crossorigin="anonymous"></script>
		<script>
			Array.prototype.rotate = (function() {
			    var unshift = Array.prototype.unshift, splice = Array.prototype.splice
			    return function(count) {
				var len = this.length >>> 0, count = count >> 0
				unshift.apply(this, splice.call(this, count % len, len))
				return this
			    }
			})()
			const tau = 2 * Math.PI
			const phi = (1 + Math.sqrt(5)) / 2
			const inFirstTurn = theta => theta % tau
			const toCartesian = (rho, theta) => [rho * Math.cos(theta), rho * Math.sin(theta)]
			const toPolar = (x, y) => [Math.sqrt(x * x + y * y), inFirstTurn(tau + Math.atan2(y, x))]
			const ordinals = function*(end, begin = 0) {for (var i = begin; i < end; ++i) {yield i}}
			const seedCount = 1024
			const seeds = function(seedCount, scale) {
				// grow seeds as in a sunflower head from the inside out
				return Array.from(ordinals(seedCount)).map(i => [scale * Math.sqrt(1 + i), inFirstTurn(i * tau / phi)])
			}(seedCount + 144, 18)
			const wendStrip = (seedCount, seeds, theta) => {
				// return one, roughly increasing, non-crossing, spiral strip through all the seeds
				const remaining = new Set(ordinals(seedCount))
				const spiral = []
				var i = seedCount - 1
				spiral.unshift(i)
				remaining.delete(i)
				while (remaining.size) {
					i = function() {
						// relative to i, spin the remaining seeds
						const a = seeds[i]
						const spin = seeds.map((b, j) => {if (!remaining.has(j)) {return undefined} else {
							const c = toCartesian(b[0], b[1] - a[1])
							return toPolar(c[0] - a[0], c[1])
						}})
						// find the smallest acceptable angle in the spin
						const acceptable = theta
							+ spin[Array.from(remaining).sort((j, k) => Math.sign(spin[j][1] - spin[k][1]))[0]][1]
						// order the spin by nearest
						const nearest = Array.from(remaining).sort((j, k) => Math.sign(spin[j][0] - spin[k][0]))
						// return the nearest in spin with an acceptable angle
						var j = 0; for (;; ++j) {if (0 < acceptable - spin[nearest[j]][1]) break}
						return nearest[j]
					}()
					spiral.unshift(i)
					remaining.delete(i)
				}
				// const layout = []; for (const [i, j] of spiral.entries()) {layout[j] = i}; console.log(layout);
				return spiral
			}
			const neighbors = function(seedCount, seeds) {
				const nearestOutsiders = Array.from(ordinals(seedCount)).map(i => {	// i < seedCount
					const a = seeds[i]
					return Array.from(ordinals(seeds.length, i + 1))	// i < j
						.map(j => {			// [j, [rho, theta]] 
							b = seeds[j]
							return [j, function() {
								const c = toCartesian(b[0], b[1] - a[1])
								return toPolar(c[0] - a[0], c[1])
							}()]
						})
						.filter(v => {			// by theta
							const [rho, theta] = v[1]
							return theta < tau / 4 || theta > 3 * tau / 4
						})
						.sort((p, q) => 		// by rho
							Math.sign(p[1][0] - q[1][0])
						)
				})
				const nearestInsiders = function() {
					// invert nearestOutsiders
					const inversion = Array.from(ordinals(seedCount)).map(() => [])
					nearestOutsiders.forEach((outsiders, j) => {
						const b = seeds[j]
						outsiders.forEach(outsider => {
							const [i] = outsider
							if (i < seedCount) {
								const a = seeds[i]
								const c = toCartesian(b[0], b[1] - a[1])
								inversion[i].push([j, toPolar(c[0] - a[0], c[1])])
							}
						})
					})
					// re-sort insiders for each inversion by nearest
					return inversion.map(insiders => insiders.sort((p, q) => Math.sign(p[1][0] - q[1][0])))
				}()
				return function(a, b) {	// join
					return a.map((v, i) => [v, b[i]])
				}(nearestInsiders, nearestOutsiders)
			}(seedCount, seeds)
			const clockwise = (theta) => inFirstTurn(tau + (tau / 4) - theta)
			const toCanvas = (canvas, x, y) => [x + canvas.width / 2, -y + canvas.height / 2]
			const dot = (context, x, y, r, color) => {
				const path = new Path2D()
				path.arc(x, y, r, 0, tau)
				context.save()
				context.fillStyle = color
				context.fill(path)
				context.restore()
			}
			const draw = (canvas, theta, rimend, rimsize, nearness, frame) => {
				rimend = Math.min(rimend, seedCount)
				const context = canvas.getContext('2d')
				context.clearRect(0, 0, canvas.width, canvas.height)
				const rim = Array.from(ordinals(rimsize)).sort((a, b) => Math.sign(clockwise(seeds[rimend - 1 - a][1]) - clockwise(seeds[rimend - 1 - b][1])))
				if (seeds[rimend - 1 - rim[rimsize - 1]][1] - tau / 4 < tau / 4 - seeds[rimend - 1 - rim[0]][1]) {
					rim.rotate(-1)
				}
if (1) {
				console.log(rim)
				for (var i = rimend - 1 - rim[frame % rimsize]; 0 <= i; i -= rimsize) {
					dot(context, ...toCanvas(canvas, ...toCartesian(...seeds[i])), 12, 'green')
				}
				for (var i = rimend - 1 - rim[frame % rimsize];;) {
					dot(context, ...toCanvas(canvas, ...toCartesian(...seeds[i])), 8, 'black')
					const list = neighbors[i][0]
					if (nearness < list.length) {
						[i] = list[nearness]
					} else {
						break;
					}
				}
}
				seeds.forEach((v, i) => {if (i < seedCount) {
					const a = toCanvas(canvas, ...toCartesian(...v))
					// draw seed
					dot(context, ...a, 2, false)
if (1) {
					// draw ray to one of the nearest neighbors
					const list = neighbors[i][0]
					if (nearness < list.length) {
						const neighbor = list[nearness]
						const [j] = neighbor
						if (j < seedCount) {
							const b = toCanvas(canvas, ...toCartesian(...seeds[j]))
							const rayPath = new Path2D()
							rayPath.moveTo(...a)
							rayPath.lineTo(...b)
							context.stroke(rayPath)
						}
					}
}
				}})
				
if (0) {
				// draw strip path
				const strip = wendStrip(seedCount, seeds, theta)
				const stripPath = new Path2D()
				var i = 0
				strip.forEach(j => {
					if (i < seedCount) {
						const a = toCanvas(canvas, ...toCartesian(...seeds[j]))
						if (0 === i) {
							stripPath.moveTo(...a)
						} else {
							stripPath.lineTo(...a)
						}
					}
					++i
				})
				context.stroke(stripPath)
}
			}
			$(document).ready(() => {
				const canvas = document.getElementById('canvas')
				const params = new URLSearchParams(window.location.search.substring(1))
				const theta	= function(param) {return param ? parseInt(param) :       128}(params.get('theta')) * tau / 1024
				const rimend	= function(param) {return param ? parseInt(param) : seedCount}(params.get('rimend'))
				const rimsize	= function(param) {return param ? parseInt(param) :        89}(params.get('rimsize'))
				const nearness	= function(param) {return param ? parseInt(param) :         0}(params.get('nearness'))
				var frame	= function(param) {return param ? parseInt(param) :         0}(params.get('frame'))
				draw(canvas, theta, rimend, rimsize, nearness, frame)
				canvas.onclick = mouseEvent => {
					draw(canvas, theta, rimend, rimsize, nearness, ++frame)
				}
				const seedsOnCanvas = seeds.map(v => toCanvas(canvas, ...toCartesian(...v)))
				canvas.addEventListener('mousemove', e => {
					const [x, y] = [e.offsetX, e.offsetY]
					const r = seedsOnCanvas.reduce((s, v, i) => {
						const [dx, dy] = [v[0] - x, v[1] - y]
						const d = Math.sqrt(dx * dx + dy * dy)
						return d < s[1] ? [i, d] : s
					}, [-1, Number.MAX_SAFE_INTEGER])
					console.log(r)
				})
			})
		</script>
		<canvas id='canvas' width='1280' height='1280'></canvas>
		<br>
		<a href="golden.html?nearness=3&rimend=917&rimsize=144"	>3 917 144</a><br>
		<a href="golden.html?nearness=3&rimend=569&rimsize=144"	>3 582 144</a><br>
		<br>
		<a href="golden.html?nearness=1&rimend=907&rimsize=89"	>1 907 89</a><br>
		<a href="golden.html?nearness=2&rimend=569&rimsize=89"	>2 569 89</a><br>
		<a href="golden.html?nearness=3&rimend=361&rimsize=89"	>3 361 89</a><br>
		<br>
		<a href="golden.html?nearness=0&rimend=907&rimsize=55"	>0 907 55</a><br>
		<a href="golden.html?nearness=3&rimend=569&rimsize=55"	>3 582 55</a><br>
		<a href="golden.html?nearness=1&rimend=355&rimsize=55"	>1 355 55</a><br>
		<a href="golden.html?nearness=2&rimend=225&rimsize=55"	>2 225 55</a><br>
		<br>
		<a href="golden.html?nearness=2&rimend=917&rimsize=34"	>2 917 34</a><br>
		<a href="golden.html?nearness=1&rimend=569&rimsize=34"	>1 569 34</a><br>
		<a href="golden.html?nearness=0&rimend=355&rimsize=34"	>0 355 34</a><br>
		<a href="golden.html?nearness=1&rimend=225&rimsize=34"	>1 225 34</a><br>
		<a href="golden.html?nearness=1&rimend=141&rimsize=34"	>1 141 34</a><br>
		<br>
		<a href="golden.html?nearness=3&rimend=917&rimsize=21"	>3 917 21</a><br>
		<a href="golden.html?nearness=3&rimend=582&rimsize=21"	>3 582 21</a><br>
		<a href="golden.html?nearness=2&rimend=361&rimsize=21"	>2 361 21</a><br>
		<a href="golden.html?nearness=1&rimend=225&rimsize=21"	>1 225 21</a><br>
		<a href="golden.html?nearness=0&rimend=141&rimsize=21"	>0 141 21</a><br>
		<a href="golden.html?nearness=1&rimend=91&rimsize=21"	>1  91 13</a><br>
		<br>
		<a href="golden.html?nearness=2&rimend=917&rimsize=13"	>2 917 13</a><br>
		<a href="golden.html?nearness=1&rimend=569&rimsize=13"	>1 569 13</a><br>
		<a href="golden.html?nearness=0&rimend=355&rimsize=13"	>0 355 13</a><br>
		<a href="golden.html?nearness=3&rimend=233&rimsize=13"	>3 233 13</a><br>
		<a href="golden.html?nearness=2&rimend=145&rimsize=13"	>2 145 13</a><br>
		<a href="golden.html?nearness=1&rimend=91&rimsize=13"	>1  91 13</a><br>
		<a href="golden.html?nearness=0&rimend=57&rimsize=13"	>0  57 13</a><br>
		<br>
		<a href="golden.html?nearness=0&rimend=1024&rimsize=144">0 1024 144</a><br>
		<a href="golden.html?nearness=0&rimend=1024&rimsize=89" >0 1024  89</a><br>
		<a href="golden.html?nearness=0&rimend=1024&rimsize=55" >0 1024  55</a><br>
		<a href="golden.html?nearness=0&rimend=1024&rimsize=34" >0 1024  34</a><br>
		<a href="golden.html?nearness=0&rimend=1024&rimsize=21" >0 1024  21</a><br>
		<a href="golden.html?nearness=0&rimend=1024&rimsize=13" >0 1024  13</a><br>
		<a href="golden.html?nearness=0&rimend=1024&rimsize=8"  >0 1024   8</a><br>
		<a href="golden.html?nearness=0&rimend=1024&rimsize=5"  >0 1024   5</a><br>
		<a href="golden.html?nearness=0&rimend=1024&rimsize=3"  >0 1024   3</a><br>
		<a href="golden.html?nearness=0&rimend=1024&rimsize=2"  >0 1024   2</a><br>
	</body>
</html>
