{
  "head": {
    "docType": "2",
    "editorVersion": "6.4.7",
    "c_para": {
      "name": "SK9822 LED LINK",
      "package": "SK9822 LED",
      "pre": "D?",
      "BOM_Manufacturer": "Adafruit",
      "BOM_Manufacturer Part": "2343",
      "BOM_Supplier": "Digi-Key",
      "BOM_Supplier Part": "1528-1436-ND",
      "link": "https://www.digikey.com/products/en?mpart=2343&v=1528",
      "Contributor": "rossetyler"
    },
    "c_spiceCmd": null,
    "puuid": "aaf687dd520a4791a45513b46807ef92",
    "hasIdFlag": true,
    "x": 440,
    "y": 310,
    "uuid": "b3e16c16cb7549c1a5adff5a8e69295f",
    "utime": 1601820667,
    "importFlag": 0
  },
  "canvas": "CA~1000~1000~#FFFFFF~yes~#CCCCCC~10~1000~1000~line~10~pixel~5~440~310",
  "shape": [
    "PL~470 330 440 330 410 330 410 290 470 290 470 330~#000000~1~0~none~gge48~0",
    "P~show~0~6~490~300~0~gge49~0^^490~300^^M 490 300 h -20~#880000^^1~468~303~0~SDO~end~~~#0000FF^^1~475~299~0~6~start~~~#0000FF^^0~473~300^^0~M 470 297 L 467 300 L 470 303",
    "P~show~0~5~490~310~0~gge56~0^^490~310^^M 490 310 h -20~#880000^^1~468~313~0~CKO~end~~~#0000FF^^1~475~309~0~5~start~~~#0000FF^^0~473~310^^0~M 470 307 L 467 310 L 470 313",
    "P~show~0~4~490~320~0~gge63~0^^490~320^^M 490 320 h -20~#FF0000^^1~468~323~0~VCC~end~~~#FF0000^^1~475~319~0~4~start~~~#FF0000^^0~473~320^^0~M 470 317 L 467 320 L 470 323",
    "P~show~0~3~440~350~270~gge70~0^^440~350^^M 440 350 v -20~#000000^^1~443~328~270~GND~start~~~#000000^^1~439~335~270~3~end~~~#000000^^0~440~333^^0~M 443 330 L 440 327 L 437 330",
    "P~show~0~2~390~310~180~gge77~0^^390~310^^M 390 310 h 20~#880000^^1~412~313~0~CKI~start~~~#0000FF^^1~405~309~0~2~end~~~#0000FF^^0~407~310^^0~M 410 313 L 413 310 L 410 307",
    "P~show~0~1~390~300~180~gge84~0^^390~300^^M 390 300 h 20~#880000^^1~412~303~0~SDI~start~~~#0000FF^^1~405~299~0~1~end~~~#0000FF^^0~407~300^^0~M 410 303 L 413 300 L 410 297"
  ],
  "BBox": {
    "x": 388,
    "y": 290,
    "width": 104,
    "height": 62
  },
  "colors": {}
}